../Core/Src/main.c:88:6:aktualizujPredkosc	16	static
../Core/Src/main.c:99:6:zatrzymajSilniki	4	static
../Core/Src/main.c:108:6:jedzNaprzod	8	static
../Core/Src/main.c:120:6:jedzDoTylu	8	static
../Core/Src/main.c:132:6:skrecWLewo	8	static
../Core/Src/main.c:144:6:skrecWPrawo	8	static
../Core/Src/main.c:156:6:zatrzymajRobota	8	static
../Core/Src/main.c:168:10:zmierzOdleglosc	40	static
../Core/Src/main.c:202:6:jedzPoLinii	16	static
../Core/Src/main.c:272:6:wyswietlOdleglosc	72	static
../Core/Src/main.c:284:6:obslugaMenu	16	static
../Core/Src/main.c:344:5:main	16	static
../Core/Src/main.c:408:6:SystemClock_Config	128	static
../Core/Src/main.c:452:13:MX_TIM2_Init	40	static
../Core/Src/main.c:501:13:MX_TIM3_Init	64	static
../Core/Src/main.c:561:13:MX_USART1_UART_Init	8	static
../Core/Src/main.c:593:13:MX_GPIO_Init	40	static
../Core/Src/main.c:636:6:HAL_UART_RxCpltCallback	16	static
../Core/Src/main.c:650:6:Error_Handler	4	static,ignoring_inline_asm
