../Core/Src/main.c:80:6:aktualizujPredkosc	16	static
../Core/Src/main.c:89:6:zatrzymajSilniki	4	static
../Core/Src/main.c:97:6:jedzNaprzod	8	static
../Core/Src/main.c:108:6:jedzDoTylu	8	static
../Core/Src/main.c:120:6:skrecWLewo	8	static
../Core/Src/main.c:132:6:skrecWPrawo	8	static
../Core/Src/main.c:143:6:zatrzymajRobota	8	static
../Core/Src/main.c:154:6:jedzPoLinii	16	static
../Core/Src/main.c:180:6:obslugaMenu	16	static
../Core/Src/main.c:233:5:main	16	static
../Core/Src/main.c:293:6:SystemClock_Config	128	static
../Core/Src/main.c:337:13:MX_TIM2_Init	40	static
../Core/Src/main.c:389:13:MX_TIM3_Init	64	static
../Core/Src/main.c:452:13:MX_USART1_UART_Init	8	static
../Core/Src/main.c:487:13:MX_GPIO_Init	40	static
../Core/Src/main.c:525:6:HAL_UART_RxCpltCallback	16	static
../Core/Src/main.c:539:6:Error_Handler	4	static,ignoring_inline_asm
